[03:15:21] Begin /pi-gen/stage0
[03:15:21] Begin /pi-gen/stage0/prerun.sh
[03:18:30] End /pi-gen/stage0/prerun.sh
[03:18:30] Begin /pi-gen/stage0/00-configure-apt
[03:18:30] Begin /pi-gen/stage0/00-configure-apt/00-run.sh
[03:20:39] End /pi-gen/stage0/00-configure-apt/00-run.sh
[03:20:39] Begin /pi-gen/stage0/00-configure-apt/01-packages
[03:20:44] End /pi-gen/stage0/00-configure-apt/01-packages
[03:20:44] End /pi-gen/stage0/00-configure-apt
[03:20:44] Begin /pi-gen/stage0/01-locale
[03:20:44] Begin /pi-gen/stage0/01-locale/00-debconf
[03:20:45] End /pi-gen/stage0/01-locale/00-debconf
[03:20:45] Begin /pi-gen/stage0/01-locale/00-packages
[03:21:15] End /pi-gen/stage0/01-locale/00-packages
[03:21:15] End /pi-gen/stage0/01-locale
[03:21:15] Begin /pi-gen/stage0/02-firmware
[03:21:15] Begin /pi-gen/stage0/02-firmware/01-packages
[03:22:05] End /pi-gen/stage0/02-firmware/01-packages
[03:22:05] End /pi-gen/stage0/02-firmware
[03:22:05] Begin /pi-gen/stage0/files
[03:22:05] End /pi-gen/stage0/files
[03:22:05] End /pi-gen/stage0
[03:22:05] Begin /pi-gen/stage1
[03:22:05] Begin /pi-gen/stage1/prerun.sh
[03:22:08] End /pi-gen/stage1/prerun.sh
[03:22:08] Begin /pi-gen/stage1/00-boot-files
[03:22:08] Begin /pi-gen/stage1/00-boot-files/00-run.sh
[03:22:08] End /pi-gen/stage1/00-boot-files/00-run.sh
[03:22:08] End /pi-gen/stage1/00-boot-files
[03:22:08] Begin /pi-gen/stage1/01-sys-tweaks
[03:22:08] Begin /pi-gen/stage1/01-sys-tweaks/00-packages
[03:22:26] End /pi-gen/stage1/01-sys-tweaks/00-packages
[03:22:26] Begin /pi-gen/stage1/01-sys-tweaks/00-patches
[03:22:26] End /pi-gen/stage1/01-sys-tweaks/00-patches
[03:22:26] Begin /pi-gen/stage1/01-sys-tweaks/00-run.sh
[03:22:27] End /pi-gen/stage1/01-sys-tweaks/00-run.sh
[03:22:27] End /pi-gen/stage1/01-sys-tweaks
[03:22:27] Begin /pi-gen/stage1/02-net-tweaks
[03:22:27] Begin /pi-gen/stage1/02-net-tweaks/00-packages
[03:22:29] End /pi-gen/stage1/02-net-tweaks/00-packages
[03:22:29] Begin /pi-gen/stage1/02-net-tweaks/00-run.sh
[03:22:29] End /pi-gen/stage1/02-net-tweaks/00-run.sh
[03:22:29] End /pi-gen/stage1/02-net-tweaks
[03:22:29] Begin /pi-gen/stage1/03-install-packages
[03:22:29] Begin /pi-gen/stage1/03-install-packages/00-packages
[03:22:39] End /pi-gen/stage1/03-install-packages/00-packages
[03:22:39] End /pi-gen/stage1/03-install-packages
[03:22:39] End /pi-gen/stage1
[03:22:39] Begin /pi-gen/stage2
[03:22:39] Begin /pi-gen/stage2/prerun.sh
[03:22:41] End /pi-gen/stage2/prerun.sh
[03:22:41] Begin /pi-gen/stage2/00-py-fix
[03:22:41] Begin /pi-gen/stage2/00-py-fix/00-run.sh
[03:22:41] End /pi-gen/stage2/00-py-fix/00-run.sh
[03:22:41] End /pi-gen/stage2/00-py-fix
[03:22:41] Begin /pi-gen/stage2/01-apt-fix
[03:22:41] Begin /pi-gen/stage2/01-apt-fix/00-run.sh
[03:22:44] End /pi-gen/stage2/01-apt-fix/00-run.sh
[03:22:44] End /pi-gen/stage2/01-apt-fix
[03:22:44] Begin /pi-gen/stage2/01-camera-fix
[03:22:44] Begin /pi-gen/stage2/01-camera-fix/00-run.sh
[03:22:44] End /pi-gen/stage2/01-camera-fix/00-run.sh
[03:22:44] End /pi-gen/stage2/01-camera-fix
[03:22:44] Begin /pi-gen/stage2/01-sys-tweaks
[03:22:44] Begin /pi-gen/stage2/01-sys-tweaks/00-debconf
[03:22:45] End /pi-gen/stage2/01-sys-tweaks/00-debconf
[03:22:45] Begin /pi-gen/stage2/01-sys-tweaks/00-packages-nr
update-alternatives: error: no alternatives for mkvinfo
[03:23:22] End /pi-gen/stage2/01-sys-tweaks/00-packages-nr
[03:23:22] Begin /pi-gen/stage2/01-sys-tweaks/00-packages
[03:28:13] End /pi-gen/stage2/01-sys-tweaks/00-packages
[03:28:13] Begin /pi-gen/stage2/01-sys-tweaks/00-patches
[03:28:13] End /pi-gen/stage2/01-sys-tweaks/00-patches
[03:28:13] Begin /pi-gen/stage2/01-sys-tweaks/01-run.sh
[03:28:23] End /pi-gen/stage2/01-sys-tweaks/01-run.sh
[03:28:23] End /pi-gen/stage2/01-sys-tweaks
[03:28:23] Begin /pi-gen/stage2/02-net-tweaks
[03:28:23] Begin /pi-gen/stage2/02-net-tweaks/00-packages
[03:29:10] End /pi-gen/stage2/02-net-tweaks/00-packages
[03:29:10] Begin /pi-gen/stage2/02-net-tweaks/01-run.sh
[03:29:11] End /pi-gen/stage2/02-net-tweaks/01-run.sh
[03:29:11] End /pi-gen/stage2/02-net-tweaks
[03:29:11] Begin /pi-gen/stage2/03-set-timezone
[03:29:11] Begin /pi-gen/stage2/03-set-timezone/02-run.sh
[03:29:13] End /pi-gen/stage2/03-set-timezone/02-run.sh
[03:29:13] End /pi-gen/stage2/03-set-timezone
[03:29:13] End /pi-gen/stage2
[03:29:13] Begin /pi-gen/stage3
[03:29:13] Begin /pi-gen/stage3/prerun.sh
[03:29:19] End /pi-gen/stage3/prerun.sh
[03:29:19] Begin /pi-gen/stage3/01-p4pi
[03:29:19] Begin /pi-gen/stage3/01-p4pi/00-run.sh
[03:29:29] End /pi-gen/stage3/01-p4pi/00-run.sh
[03:29:29] Begin /pi-gen/stage3/01-p4pi/01-packages
[03:31:26] End /pi-gen/stage3/01-p4pi/01-packages
[03:31:26] Begin /pi-gen/stage3/01-p4pi/02-run.sh
[03:31:26] End /pi-gen/stage3/01-p4pi/02-run.sh
[03:31:26] End /pi-gen/stage3/01-p4pi
[03:31:26] Begin /pi-gen/stage3/02-enable-access-point
[03:31:26] Begin /pi-gen/stage3/02-enable-access-point/00-packages
[03:31:40] End /pi-gen/stage3/02-enable-access-point/00-packages
[03:31:40] Begin /pi-gen/stage3/02-enable-access-point/00-run.sh
[03:31:41] End /pi-gen/stage3/02-enable-access-point/00-run.sh
[03:31:41] End /pi-gen/stage3/02-enable-access-point
[03:31:41] Begin /pi-gen/stage3/02-p4c-bmv2
[03:31:41] Begin /pi-gen/stage3/02-p4c-bmv2/00-run.sh
[ 86%] Building CXX object midend/CMakeFiles/midend.dir/convertErrors.cpp.o
p4c and BMv2 built from source
[11:46:28] End /pi-gen/stage3/02-p4c-bmv2/00-run.sh
[11:46:28] End /pi-gen/stage3/02-p4c-bmv2
[11:46:28] Begin /pi-gen/stage3/03-planter
[11:46:28] Begin /pi-gen/stage3/03-planter/00-run.sh
Planter GSoC 2026 install complete
[11:54:58] End /pi-gen/stage3/03-planter/00-run.sh
[11:54:58] End /pi-gen/stage3/03-planter
[11:54:58] Begin /pi-gen/stage3/04-smoke-test
[11:54:58] Begin /pi-gen/stage3/04-smoke-test/00-run.sh
=== Smoke tests ===
=== Smoke tests passed ===
[11:55:01] End /pi-gen/stage3/04-smoke-test/00-run.sh
[11:55:01] End /pi-gen/stage3/04-smoke-test
[11:55:01] End /pi-gen/stage3
